--- Test: Science Ideal ---
Input Grades: {'math': 'A', 'phy': 'A', 'chem': 'A'}
FAIL (Expected passed=True, Got passed=False)
Reason: Not enough subject groups (Found 1, Need 3)
--- Test: Science Borderline ---
Input Grades: {'math': 'C', 'phy': 'C', 'chem': 'C'}
FAIL (Expected passed=True, Got passed=False)
Reason: Not enough subject groups (Found 1, Need 3)
--- Test: Science Aggregate Fail ---
Input Grades: {'math': 'C', 'phy': 'C', 'chem': 'D'}
PASS (Got passed=False)
--- Test: Science Poor Grades ---
Input Grades: {'math': 'E', 'phy': 'E', 'chem': 'E'}
PASS (Got passed=False)
--- Test: Science Diversity Fail ---
Input Grades: {'math': 'A', 'addmath': 'A', 'chem': 'A'}
PASS (Got passed=False)
--- Test: Arts Mixed Validity ---
Input Grades: {'bm': 'A', 'hist': 'B', 'geo': 'C'}
PASS (Got passed=True)
--- Test: Arts Points Fail ---
Input Grades: {'bm': 'C', 'hist': 'C', 'geo': 'C'}
PASS (Got passed=False)

2 TESTS FAILED
